// Jest Snapshot v1, https://goo.gl/fbAQLP

exports[`renders Deck correctly 1`] = `
<View
  accessibilityComponentType={undefined}
  accessibilityLabel={undefined}
  accessibilityTraits={undefined}
  accessible={true}
  hitSlop={undefined}
  nativeID={undefined}
  onLayout={undefined}
  onResponderGrant={[Function]}
  onResponderMove={[Function]}
  onResponderRelease={[Function]}
  onResponderTerminate={[Function]}
  onResponderTerminationRequest={[Function]}
  onStartShouldSetResponder={[Function]}
  style={
    Object {
      "backgroundColor": "#fff",
      "justifyContent": "center",
      "marginLeft": 30,
      "marginRight": 30,
      "marginTop": 17,
      "padding": 20,
      "shadowColor": "rgba(0, 0, 0, 0.24)",
      "shadowOffset": Object {
        "height": 3,
        "width": 0,
      },
      "shadowOpacity": 0.8,
      "shadowRadius": 3,
    }
  }
  testID={undefined}
>
  <View
    style={
      Object {
        "flexDirection": "row",
      }
    }
  >
    <Text
      accessible={true}
      allowFontScaling={true}
      ellipsizeMode="tail"
    />
    <Text
      accessible={true}
      allowFontScaling={true}
      ellipsizeMode="tail"
      style={
        Array [
          Object {
            "paddingLeft": 5,
            "paddingRight": 5,
          },
          Object {
            "color": "#757575",
          },
        ]
      }
    >
      |
    </Text>
    <Text
      accessible={true}
      allowFontScaling={true}
      ellipsizeMode="tail"
      style={
        Object {
          "color": "#757575",
        }
      }
    >
      1
       Cards
    </Text>
  </View>
  <Text
    accessible={true}
    allowFontScaling={true}
    ellipsizeMode="tail"
    style={
      Object {
        "fontSize": 20,
        "paddingTop": 5,
      }
    }
  >
    CardTest
  </Text>
  <View
    style={
      Object {
        "backgroundColor": "#FFFFFF",
        "flex": 1,
        "height": 4,
      }
    }
  />
</View>
`;
